// Jest Snapshot v1, https://goo.gl/fbAQLP

exports[`Fighter renders with fighter 1`] = `
<Segment
  color=""
  placeholder={false}
>
  <Item>
    <ItemContent>
      <ItemExtra />
      <Styled(Styled(ItemHeader))>
        Fighter
      </Styled(Styled(ItemHeader))>
    </ItemContent>
  </Item>
</Segment>
`;

exports[`Fighter renders with no props 1`] = `
<Segment
  color=""
  placeholder={true}
>
  <Item>
    <ItemContent>
      <ItemExtra>
        <Styled(Image)
          floated="left"
          src="placeholderfighter.svg"
        />
      </ItemExtra>
      <Styled(ItemHeader) />
      <Styled(Responsive)
        minWidth={600}
      >
        <FighterIcon
          color="grey"
          icon="heart outline"
          number={null}
          position={1}
          readonly={false}
        />
        <FighterIcon
          color="grey"
          icon="shield"
          number={null}
          position={0}
          readonly={false}
        />
      </Styled(Responsive)>
    </ItemContent>
  </Item>
</Segment>
`;
